Traceback (most recent call last):
  File "scripts/train.py", line 8, in <module>
    import torch
  File "/home/mingyang/miniconda3/envs/se/lib/python3.8/site-packages/torch/__init__.py", line 1817, in <module>
    import torch.utils.data
  File "/home/mingyang/miniconda3/envs/se/lib/python3.8/site-packages/torch/utils/data/__init__.py", line 21, in <module>
    from torch.utils.data.datapipes.datapipe import (
  File "/home/mingyang/miniconda3/envs/se/lib/python3.8/site-packages/torch/utils/data/datapipes/__init__.py", line 1, in <module>
    from . import iter
  File "/home/mingyang/miniconda3/envs/se/lib/python3.8/site-packages/torch/utils/data/datapipes/iter/__init__.py", line 4, in <module>
    from torch.utils.data.datapipes.iter.callable import (
  File "/home/mingyang/miniconda3/envs/se/lib/python3.8/site-packages/torch/utils/data/datapipes/iter/callable.py", line 9, in <module>
    from torch.utils.data.datapipes.dataframe import dataframe_wrapper as df_wrapper
  File "/home/mingyang/miniconda3/envs/se/lib/python3.8/site-packages/torch/utils/data/datapipes/dataframe/__init__.py", line 1, in <module>
    from torch.utils.data.datapipes.dataframe.dataframes import (
  File "/home/mingyang/miniconda3/envs/se/lib/python3.8/site-packages/torch/utils/data/datapipes/dataframe/dataframes.py", line 7, in <module>
    from torch.utils.data.datapipes.dataframe.structures import DataChunkDF
  File "<frozen importlib._bootstrap>", line 991, in _find_and_load
  File "<frozen importlib._bootstrap>", line 971, in _find_and_load_unlocked
  File "<frozen importlib._bootstrap>", line 914, in _find_spec
  File "<frozen importlib._bootstrap_external>", line 1407, in find_spec
  File "<frozen importlib._bootstrap_external>", line 1379, in _get_spec
  File "<frozen importlib._bootstrap_external>", line 1539, in find_spec
  File "<frozen importlib._bootstrap_external>", line 156, in _path_isfile
  File "<frozen importlib._bootstrap_external>", line 148, in _path_is_mode_type
  File "<frozen importlib._bootstrap_external>", line 142, in _path_stat
KeyboardInterrupt
